// Vitest Snapshot v1, https://vitest.dev/guide/snapshot.html

exports[`change > should generate a changelog 1`] = `
"## [1.0.0](https://github.com/woodpecker-ci/woodpecker/releases/tag/1.0.0) - 2023-07-11

### 💥 Breaking changes

- Break everything [[#1339](https://github.com/woodpecker-ci/woodpecker/pull/1339)]

### ✨ Features

- Add new feature [[#1338](https://github.com/woodpecker-ci/woodpecker/pull/1338)]

### 🐛 Bug Fixes

- Fix random UI bug [[#1337](https://github.com/woodpecker-ci/woodpecker/pull/1337)]
- Fix another bug ([abc](https://github.com/woodpecker-ci/woodpecker/commit/abc))

### 📈 Enhancement

- Update README ([def](https://github.com/woodpecker-ci/woodpecker/commit/def))

### Misc

- Update README ([def](https://github.com/woodpecker-ci/woodpecker/commit/def))"
`;

exports[`change > should update changelog section 1`] = `
"# Changelog

## [0.0.1](https://github.com/woodpecker-ci/woodpecker/releases/tag/0.0.1) - 2020-01-01

### ✨ Features

- Add new feature (#1338) @Alice Wonderland

## [0.0.2](https://github.com/woodpecker-ci/woodpecker/releases/tag/0.0.1) - 2020-01-01

### 🐛 Bug Fixes

- Fix random UI bug [#1337](https://github.com/woodpecker-ci/woodpecker/pull/1337) ([123](https://github.com/woodpecker-ci/woodpecker/commit/123))
- Fix another bug [#43](https://github.com/woodpecker-ci/woodpecker/pull/43) ([456](https://github.com/woodpecker-ci/woodpecker/commit/456))

## [1.0.0](https://github.com/woodpecker-ci/woodpecker/releases/tag/1.0.0) - 2023-07-11

### 💥 Breaking changes

- Break everything [[#1339](https://github.com/woodpecker-ci/woodpecker/pull/1339)]

### ✨ Features

- Add new feature [[#1338](https://github.com/woodpecker-ci/woodpecker/pull/1338)]

### 🐛 Bug Fixes

- Fix random UI bug [[#1337](https://github.com/woodpecker-ci/woodpecker/pull/1337)]
- Fix another bug ([abc](https://github.com/woodpecker-ci/woodpecker/commit/abc))

### 📈 Enhancement

- Update README ([def](https://github.com/woodpecker-ci/woodpecker/commit/def))

### Misc

- Update README ([def](https://github.com/woodpecker-ci/woodpecker/commit/def))"
`;
